Mono path[0] = 'C:/Users/Пользователь/Downloads/telegram_album_bot/Builds/SCADA_Intelligent_Simulation_v2/SCADA_Intelligent_Simulation_v2_Data/Managed'
Mono config path = 'C:/Users/Пользователь/Downloads/telegram_album_bot/Builds/SCADA_Intelligent_Simulation_v2/MonoBleedingEdge/etc'
CodeReloadManager initialized
Input System module state changed to: Initialized.
[Physics::Module] Initialized fallback backend.
[Physics::Module] Id: 0xdecafbad
Initialize engine version: 6000.4.6f1 (0b051c2e5d54)
[Subsystems] Discovering subsystems at path C:/Users/Пользователь/Downloads/telegram_album_bot/Builds/SCADA_Intelligent_Simulation_v2/SCADA_Intelligent_Simulation_v2_Data/UnitySubsystems
[D3D12 Device Filter] Vendor Name: ATI
[D3D12 Device Filter] Device Name: AMD Radeon(TM) Graphics
[D3D12 Device Filter] Driver Version: 32.0.21030.31
[D3D12 Device Filter] Feature Level: 12.2
[D3D12 Device Filter] Graphics Memory: 7823 MB
[D3D12 Device Filter] Processor Count: 8
[D3D12 Device Filter] Device Type: Integrated
[D3D12 Device Filter] D3D12 API denied by user filter(s): {"Vendor": "ATI", "Device Type:": Integrated}, but allowed by user filter(s): {"Feature Level Comparator": Greater Than Or Equal To"Feature Level": "12.2", "Device Type:": Integrated}
GfxDevice: creating device client; kGfxThreadingModeClientWorkerJobs
Direct3D:
    Version:  Direct3D 11.0 [level 11.1]
    Renderer: AMD Radeon(TM) Graphics (ID=0x1506)
    Vendor:   ATI
    VRAM:     7823 MB
    Driver:   32.0.21030.31
Begin MonoManager ReloadAssembly
- Finished resetting the current domain, in  0.003 seconds
[Physics::Module] Selected backend.
[Physics::Module] Name: PhysX
[Physics::Module] Id: 0xf2b8ea05
[Physics::Module] SDK Version: 4.1.2
[Physics::Module] Integration Version: 1.0.0
[Physics::Module] Threading Mode: Multi-Threaded
<RI> Initializing input.
<RI> Input initialized.
D3D11 device created for Microsoft Media Foundation video decoding.
UnloadTime: 0.966900 ms
